// Jest Snapshot v1, https://goo.gl/fbAQLP

exports[`Tooltip component renders correctly without params 1`] = `
<div
  className="sc-gKAaRy euTlKA"
  display="inline-block"
  onMouseEnter={[Function]}
  onMouseLeave={[Function]}
>
  <div
    className="sc-gKAaRy dTSKrw"
    display="flex"
    height="100%"
    width="100%"
  >
    <div
      className="sc-gKAaRy kttVpS"
      data-qkind="Box"
      data-qoverride="Wrapper"
      display="flex"
      opacity={1}
      visibility="visible "
      width="max-content"
    >
      <div
        className="sc-gtsrHT bzpXsq"
        color="white"
        data-qkind="Text"
        data-qoverride="Title"
      >
        Some text
      </div>
      <div
        className="sc-gKAaRy jgIFJw"
        data-qkind="Box"
        data-qoverride="Arrow"
        opacity={1}
        visibility="visible "
      />
    </div>
  </div>
  <div
    className="sc-gKAaRy gymSdi"
    data-qkind="Box"
    data-qoverride="Content"
    width="100%"
  />
</div>
`;
